SET client_min_messages TO warning;
DROP EXTENSION base32 CASCADE;
DROP SCHEMA base32 CASCADE;
