-- reference
SELECT hashint4(55);
  hashint4  
------------
 -305105437
(1 row)

SELECT hashoid(55);
  hashoid   
------------
 -305105437
(1 row)

SELECT crockford.hashcrockford2('1Q'::crockford.crockford2);
 hashcrockford2 
----------------
     -305105437
(1 row)

SELECT crockford.hashcrockford4('1Q'::crockford.crockford4);
 hashcrockford4 
----------------
     -305105437
(1 row)

SELECT crockford.hashcrockford8('1Q'::crockford.crockford8);
 hashcrockford8 
----------------
     -305105437
(1 row)

