CREATE SCHEMA crockford;
CREATE EXTENSION crockford WITH SCHEMA crockford;
